// Jest Snapshot v1, https://goo.gl/fbAQLP

exports[`Home component renders correctly 1`] = `
<div>
  <div
    class="home1"
    data-testid="home"
  >
    <div
      class="home-logo"
    >
      <div
        class="filter"
      >
         
      </div>
    </div>
    <div
      class="continent"
    >
      MEMBER NATIONS
    </div>
  </div>
  <div
    class="home2"
  >
    <p>
      STATS BY COUNTRY
    </p>
  </div>
  <div
    class="home3"
  >
    <a
      href="/country/bolivia"
    >
      <button
        type="button"
      >
        <div>
          <p>
            Area: 
          </p>
          <p>
            Capital: 
          </p>
          <p>
            Population: 
          </p>
          <img
            alt="Official Flag"
          />
        </div>
        <div>
          <svg
            fill="currentColor"
            height="1em"
            stroke="currentColor"
            stroke-width="0"
            viewBox="0 0 16 16"
            width="1em"
            xmlns="http://www.w3.org/2000/svg"
          >
            <path
              d="M1 8a7 7 0 1 0 14 0A7 7 0 0 0 1 8zm15 0A8 8 0 1 1 0 8a8 8 0 0 1 16 0zM4.5 7.5a.5.5 0 0 0 0 1h5.793l-2.147 2.146a.5.5 0 0 0 .708.708l3-3a.5.5 0 0 0 0-.708l-3-3a.5.5 0 1 0-.708.708L10.293 7.5H4.5z"
              fill-rule="evenodd"
            />
          </svg>
          BOLIVIA
        </div>
      </button>
    </a>
    <a
      href="/country/italy"
    >
      <button
        type="button"
      >
        <div>
          <p>
            Area: 
          </p>
          <p>
            Capital: 
          </p>
          <p>
            Population: 
          </p>
          <img
            alt="Official Flag"
          />
        </div>
        <div>
          <svg
            fill="currentColor"
            height="1em"
            stroke="currentColor"
            stroke-width="0"
            viewBox="0 0 16 16"
            width="1em"
            xmlns="http://www.w3.org/2000/svg"
          >
            <path
              d="M1 8a7 7 0 1 0 14 0A7 7 0 0 0 1 8zm15 0A8 8 0 1 1 0 8a8 8 0 0 1 16 0zM4.5 7.5a.5.5 0 0 0 0 1h5.793l-2.147 2.146a.5.5 0 0 0 .708.708l3-3a.5.5 0 0 0 0-.708l-3-3a.5.5 0 1 0-.708.708L10.293 7.5H4.5z"
              fill-rule="evenodd"
            />
          </svg>
          ITALY
        </div>
      </button>
    </a>
    <a
      href="/country/germany"
    >
      <button
        type="button"
      >
        <div>
          <p>
            Area: 
          </p>
          <p>
            Capital: 
          </p>
          <p>
            Population: 
          </p>
          <img
            alt="Official Flag"
          />
        </div>
        <div>
          <svg
            fill="currentColor"
            height="1em"
            stroke="currentColor"
            stroke-width="0"
            viewBox="0 0 16 16"
            width="1em"
            xmlns="http://www.w3.org/2000/svg"
          >
            <path
              d="M1 8a7 7 0 1 0 14 0A7 7 0 0 0 1 8zm15 0A8 8 0 1 1 0 8a8 8 0 0 1 16 0zM4.5 7.5a.5.5 0 0 0 0 1h5.793l-2.147 2.146a.5.5 0 0 0 .708.708l3-3a.5.5 0 0 0 0-.708l-3-3a.5.5 0 1 0-.708.708L10.293 7.5H4.5z"
              fill-rule="evenodd"
            />
          </svg>
          GERMANY
        </div>
      </button>
    </a>
    <a
      href="/country/poland"
    >
      <button
        type="button"
      >
        <div>
          <p>
            Area: 
          </p>
          <p>
            Capital: 
          </p>
          <p>
            Population: 
          </p>
          <img
            alt="Official Flag"
          />
        </div>
        <div>
          <svg
            fill="currentColor"
            height="1em"
            stroke="currentColor"
            stroke-width="0"
            viewBox="0 0 16 16"
            width="1em"
            xmlns="http://www.w3.org/2000/svg"
          >
            <path
              d="M1 8a7 7 0 1 0 14 0A7 7 0 0 0 1 8zm15 0A8 8 0 1 1 0 8a8 8 0 0 1 16 0zM4.5 7.5a.5.5 0 0 0 0 1h5.793l-2.147 2.146a.5.5 0 0 0 .708.708l3-3a.5.5 0 0 0 0-.708l-3-3a.5.5 0 1 0-.708.708L10.293 7.5H4.5z"
              fill-rule="evenodd"
            />
          </svg>
          POLAND
        </div>
      </button>
    </a>
    <a
      href="/country/spain"
    >
      <button
        type="button"
      >
        <div>
          <p>
            Area: 
          </p>
          <p>
            Capital: 
          </p>
          <p>
            Population: 
          </p>
          <img
            alt="Official Flag"
          />
        </div>
        <div>
          <svg
            fill="currentColor"
            height="1em"
            stroke="currentColor"
            stroke-width="0"
            viewBox="0 0 16 16"
            width="1em"
            xmlns="http://www.w3.org/2000/svg"
          >
            <path
              d="M1 8a7 7 0 1 0 14 0A7 7 0 0 0 1 8zm15 0A8 8 0 1 1 0 8a8 8 0 0 1 16 0zM4.5 7.5a.5.5 0 0 0 0 1h5.793l-2.147 2.146a.5.5 0 0 0 .708.708l3-3a.5.5 0 0 0 0-.708l-3-3a.5.5 0 1 0-.708.708L10.293 7.5H4.5z"
              fill-rule="evenodd"
            />
          </svg>
          SPAIN
        </div>
      </button>
    </a>
    <a
      href="/country/united kingdom"
    >
      <button
        type="button"
      >
        <div>
          <p>
            Area: 
          </p>
          <p>
            Capital: 
          </p>
          <p>
            Population: 
          </p>
          <img
            alt="Official Flag"
          />
        </div>
        <div>
          <svg
            fill="currentColor"
            height="1em"
            stroke="currentColor"
            stroke-width="0"
            viewBox="0 0 16 16"
            width="1em"
            xmlns="http://www.w3.org/2000/svg"
          >
            <path
              d="M1 8a7 7 0 1 0 14 0A7 7 0 0 0 1 8zm15 0A8 8 0 1 1 0 8a8 8 0 0 1 16 0zM4.5 7.5a.5.5 0 0 0 0 1h5.793l-2.147 2.146a.5.5 0 0 0 .708.708l3-3a.5.5 0 0 0 0-.708l-3-3a.5.5 0 1 0-.708.708L10.293 7.5H4.5z"
              fill-rule="evenodd"
            />
          </svg>
          UNITED KINGDOM
        </div>
      </button>
    </a>
    <a
      href="/country/nigeria"
    >
      <button
        type="button"
      >
        <div>
          <p>
            Area: 
          </p>
          <p>
            Capital: 
          </p>
          <p>
            Population: 
          </p>
          <img
            alt="Official Flag"
          />
        </div>
        <div>
          <svg
            fill="currentColor"
            height="1em"
            stroke="currentColor"
            stroke-width="0"
            viewBox="0 0 16 16"
            width="1em"
            xmlns="http://www.w3.org/2000/svg"
          >
            <path
              d="M1 8a7 7 0 1 0 14 0A7 7 0 0 0 1 8zm15 0A8 8 0 1 1 0 8a8 8 0 0 1 16 0zM4.5 7.5a.5.5 0 0 0 0 1h5.793l-2.147 2.146a.5.5 0 0 0 .708.708l3-3a.5.5 0 0 0 0-.708l-3-3a.5.5 0 1 0-.708.708L10.293 7.5H4.5z"
              fill-rule="evenodd"
            />
          </svg>
          NIGERIA
        </div>
      </button>
    </a>
    <a
      href="/country/ghana"
    >
      <button
        type="button"
      >
        <div>
          <p>
            Area: 
          </p>
          <p>
            Capital: 
          </p>
          <p>
            Population: 
          </p>
          <img
            alt="Official Flag"
          />
        </div>
        <div>
          <svg
            fill="currentColor"
            height="1em"
            stroke="currentColor"
            stroke-width="0"
            viewBox="0 0 16 16"
            width="1em"
            xmlns="http://www.w3.org/2000/svg"
          >
            <path
              d="M1 8a7 7 0 1 0 14 0A7 7 0 0 0 1 8zm15 0A8 8 0 1 1 0 8a8 8 0 0 1 16 0zM4.5 7.5a.5.5 0 0 0 0 1h5.793l-2.147 2.146a.5.5 0 0 0 .708.708l3-3a.5.5 0 0 0 0-.708l-3-3a.5.5 0 1 0-.708.708L10.293 7.5H4.5z"
              fill-rule="evenodd"
            />
          </svg>
          GHANA
        </div>
      </button>
    </a>
    <a
      href="/country/cameroon"
    >
      <button
        type="button"
      >
        <div>
          <p>
            Area: 
          </p>
          <p>
            Capital: 
          </p>
          <p>
            Population: 
          </p>
          <img
            alt="Official Flag"
          />
        </div>
        <div>
          <svg
            fill="currentColor"
            height="1em"
            stroke="currentColor"
            stroke-width="0"
            viewBox="0 0 16 16"
            width="1em"
            xmlns="http://www.w3.org/2000/svg"
          >
            <path
              d="M1 8a7 7 0 1 0 14 0A7 7 0 0 0 1 8zm15 0A8 8 0 1 1 0 8a8 8 0 0 1 16 0zM4.5 7.5a.5.5 0 0 0 0 1h5.793l-2.147 2.146a.5.5 0 0 0 .708.708l3-3a.5.5 0 0 0 0-.708l-3-3a.5.5 0 1 0-.708.708L10.293 7.5H4.5z"
              fill-rule="evenodd"
            />
          </svg>
          CAMEROON
        </div>
      </button>
    </a>
    <a
      href="/country/tunisia"
    >
      <button
        type="button"
      >
        <div>
          <p>
            Area: 
          </p>
          <p>
            Capital: 
          </p>
          <p>
            Population: 
          </p>
          <img
            alt="Official Flag"
          />
        </div>
        <div>
          <svg
            fill="currentColor"
            height="1em"
            stroke="currentColor"
            stroke-width="0"
            viewBox="0 0 16 16"
            width="1em"
            xmlns="http://www.w3.org/2000/svg"
          >
            <path
              d="M1 8a7 7 0 1 0 14 0A7 7 0 0 0 1 8zm15 0A8 8 0 1 1 0 8a8 8 0 0 1 16 0zM4.5 7.5a.5.5 0 0 0 0 1h5.793l-2.147 2.146a.5.5 0 0 0 .708.708l3-3a.5.5 0 0 0 0-.708l-3-3a.5.5 0 1 0-.708.708L10.293 7.5H4.5z"
              fill-rule="evenodd"
            />
          </svg>
          TUNISIA
        </div>
      </button>
    </a>
    <a
      href="/country/israel"
    >
      <button
        type="button"
      >
        <div>
          <p>
            Area: 
          </p>
          <p>
            Capital: 
          </p>
          <p>
            Population: 
          </p>
          <img
            alt="Official Flag"
          />
        </div>
        <div>
          <svg
            fill="currentColor"
            height="1em"
            stroke="currentColor"
            stroke-width="0"
            viewBox="0 0 16 16"
            width="1em"
            xmlns="http://www.w3.org/2000/svg"
          >
            <path
              d="M1 8a7 7 0 1 0 14 0A7 7 0 0 0 1 8zm15 0A8 8 0 1 1 0 8a8 8 0 0 1 16 0zM4.5 7.5a.5.5 0 0 0 0 1h5.793l-2.147 2.146a.5.5 0 0 0 .708.708l3-3a.5.5 0 0 0 0-.708l-3-3a.5.5 0 1 0-.708.708L10.293 7.5H4.5z"
              fill-rule="evenodd"
            />
          </svg>
          ISRAEL
        </div>
      </button>
    </a>
    <a
      href="/country/canada"
    >
      <button
        type="button"
      >
        <div>
          <p>
            Area: 
          </p>
          <p>
            Capital: 
          </p>
          <p>
            Population: 
          </p>
          <img
            alt="Official Flag"
          />
        </div>
        <div>
          <svg
            fill="currentColor"
            height="1em"
            stroke="currentColor"
            stroke-width="0"
            viewBox="0 0 16 16"
            width="1em"
            xmlns="http://www.w3.org/2000/svg"
          >
            <path
              d="M1 8a7 7 0 1 0 14 0A7 7 0 0 0 1 8zm15 0A8 8 0 1 1 0 8a8 8 0 0 1 16 0zM4.5 7.5a.5.5 0 0 0 0 1h5.793l-2.147 2.146a.5.5 0 0 0 .708.708l3-3a.5.5 0 0 0 0-.708l-3-3a.5.5 0 1 0-.708.708L10.293 7.5H4.5z"
              fill-rule="evenodd"
            />
          </svg>
          CANADA
        </div>
      </button>
    </a>
    <a
      href="/country/congo"
    >
      <button
        type="button"
      >
        <div>
          <p>
            Area: 
          </p>
          <p>
            Capital: 
          </p>
          <p>
            Population: 
          </p>
          <img
            alt="Official Flag"
          />
        </div>
        <div>
          <svg
            fill="currentColor"
            height="1em"
            stroke="currentColor"
            stroke-width="0"
            viewBox="0 0 16 16"
            width="1em"
            xmlns="http://www.w3.org/2000/svg"
          >
            <path
              d="M1 8a7 7 0 1 0 14 0A7 7 0 0 0 1 8zm15 0A8 8 0 1 1 0 8a8 8 0 0 1 16 0zM4.5 7.5a.5.5 0 0 0 0 1h5.793l-2.147 2.146a.5.5 0 0 0 .708.708l3-3a.5.5 0 0 0 0-.708l-3-3a.5.5 0 1 0-.708.708L10.293 7.5H4.5z"
              fill-rule="evenodd"
            />
          </svg>
          CONGO
        </div>
      </button>
    </a>
    <a
      href="/country/kenya"
    >
      <button
        type="button"
      >
        <div>
          <p>
            Area: 
          </p>
          <p>
            Capital: 
          </p>
          <p>
            Population: 
          </p>
          <img
            alt="Official Flag"
          />
        </div>
        <div>
          <svg
            fill="currentColor"
            height="1em"
            stroke="currentColor"
            stroke-width="0"
            viewBox="0 0 16 16"
            width="1em"
            xmlns="http://www.w3.org/2000/svg"
          >
            <path
              d="M1 8a7 7 0 1 0 14 0A7 7 0 0 0 1 8zm15 0A8 8 0 1 1 0 8a8 8 0 0 1 16 0zM4.5 7.5a.5.5 0 0 0 0 1h5.793l-2.147 2.146a.5.5 0 0 0 .708.708l3-3a.5.5 0 0 0 0-.708l-3-3a.5.5 0 1 0-.708.708L10.293 7.5H4.5z"
              fill-rule="evenodd"
            />
          </svg>
          KENYA
        </div>
      </button>
    </a>
    <a
      href="/country/mali"
    >
      <button
        type="button"
      >
        <div>
          <p>
            Area: 
          </p>
          <p>
            Capital: 
          </p>
          <p>
            Population: 
          </p>
          <img
            alt="Official Flag"
          />
        </div>
        <div>
          <svg
            fill="currentColor"
            height="1em"
            stroke="currentColor"
            stroke-width="0"
            viewBox="0 0 16 16"
            width="1em"
            xmlns="http://www.w3.org/2000/svg"
          >
            <path
              d="M1 8a7 7 0 1 0 14 0A7 7 0 0 0 1 8zm15 0A8 8 0 1 1 0 8a8 8 0 0 1 16 0zM4.5 7.5a.5.5 0 0 0 0 1h5.793l-2.147 2.146a.5.5 0 0 0 .708.708l3-3a.5.5 0 0 0 0-.708l-3-3a.5.5 0 1 0-.708.708L10.293 7.5H4.5z"
              fill-rule="evenodd"
            />
          </svg>
          MALI
        </div>
      </button>
    </a>
    <a
      href="/country/senegal"
    >
      <button
        type="button"
      >
        <div>
          <p>
            Area: 
          </p>
          <p>
            Capital: 
          </p>
          <p>
            Population: 
          </p>
          <img
            alt="Official Flag"
          />
        </div>
        <div>
          <svg
            fill="currentColor"
            height="1em"
            stroke="currentColor"
            stroke-width="0"
            viewBox="0 0 16 16"
            width="1em"
            xmlns="http://www.w3.org/2000/svg"
          >
            <path
              d="M1 8a7 7 0 1 0 14 0A7 7 0 0 0 1 8zm15 0A8 8 0 1 1 0 8a8 8 0 0 1 16 0zM4.5 7.5a.5.5 0 0 0 0 1h5.793l-2.147 2.146a.5.5 0 0 0 .708.708l3-3a.5.5 0 0 0 0-.708l-3-3a.5.5 0 1 0-.708.708L10.293 7.5H4.5z"
              fill-rule="evenodd"
            />
          </svg>
          SENEGAL
        </div>
      </button>
    </a>
    <a
      href="/country/south africa"
    >
      <button
        type="button"
      >
        <div>
          <p>
            Area: 
          </p>
          <p>
            Capital: 
          </p>
          <p>
            Population: 
          </p>
          <img
            alt="Official Flag"
          />
        </div>
        <div>
          <svg
            fill="currentColor"
            height="1em"
            stroke="currentColor"
            stroke-width="0"
            viewBox="0 0 16 16"
            width="1em"
            xmlns="http://www.w3.org/2000/svg"
          >
            <path
              d="M1 8a7 7 0 1 0 14 0A7 7 0 0 0 1 8zm15 0A8 8 0 1 1 0 8a8 8 0 0 1 16 0zM4.5 7.5a.5.5 0 0 0 0 1h5.793l-2.147 2.146a.5.5 0 0 0 .708.708l3-3a.5.5 0 0 0 0-.708l-3-3a.5.5 0 1 0-.708.708L10.293 7.5H4.5z"
              fill-rule="evenodd"
            />
          </svg>
          SOUTH AFRICA
        </div>
      </button>
    </a>
    <a
      href="/country/egypt"
    >
      <button
        type="button"
      >
        <div>
          <p>
            Area: 
          </p>
          <p>
            Capital: 
          </p>
          <p>
            Population: 
          </p>
          <img
            alt="Official Flag"
          />
        </div>
        <div>
          <svg
            fill="currentColor"
            height="1em"
            stroke="currentColor"
            stroke-width="0"
            viewBox="0 0 16 16"
            width="1em"
            xmlns="http://www.w3.org/2000/svg"
          >
            <path
              d="M1 8a7 7 0 1 0 14 0A7 7 0 0 0 1 8zm15 0A8 8 0 1 1 0 8a8 8 0 0 1 16 0zM4.5 7.5a.5.5 0 0 0 0 1h5.793l-2.147 2.146a.5.5 0 0 0 .708.708l3-3a.5.5 0 0 0 0-.708l-3-3a.5.5 0 1 0-.708.708L10.293 7.5H4.5z"
              fill-rule="evenodd"
            />
          </svg>
          EGYPT
        </div>
      </button>
    </a>
    <a
      href="/country/sudan"
    >
      <button
        type="button"
      >
        <div>
          <p>
            Area: 
          </p>
          <p>
            Capital: 
          </p>
          <p>
            Population: 
          </p>
          <img
            alt="Official Flag"
          />
        </div>
        <div>
          <svg
            fill="currentColor"
            height="1em"
            stroke="currentColor"
            stroke-width="0"
            viewBox="0 0 16 16"
            width="1em"
            xmlns="http://www.w3.org/2000/svg"
          >
            <path
              d="M1 8a7 7 0 1 0 14 0A7 7 0 0 0 1 8zm15 0A8 8 0 1 1 0 8a8 8 0 0 1 16 0zM4.5 7.5a.5.5 0 0 0 0 1h5.793l-2.147 2.146a.5.5 0 0 0 .708.708l3-3a.5.5 0 0 0 0-.708l-3-3a.5.5 0 1 0-.708.708L10.293 7.5H4.5z"
              fill-rule="evenodd"
            />
          </svg>
          SUDAN
        </div>
      </button>
    </a>
    <a
      href="/country/ethiopia"
    >
      <button
        type="button"
      >
        <div>
          <p>
            Area: 
          </p>
          <p>
            Capital: 
          </p>
          <p>
            Population: 
          </p>
          <img
            alt="Official Flag"
          />
        </div>
        <div>
          <svg
            fill="currentColor"
            height="1em"
            stroke="currentColor"
            stroke-width="0"
            viewBox="0 0 16 16"
            width="1em"
            xmlns="http://www.w3.org/2000/svg"
          >
            <path
              d="M1 8a7 7 0 1 0 14 0A7 7 0 0 0 1 8zm15 0A8 8 0 1 1 0 8a8 8 0 0 1 16 0zM4.5 7.5a.5.5 0 0 0 0 1h5.793l-2.147 2.146a.5.5 0 0 0 .708.708l3-3a.5.5 0 0 0 0-.708l-3-3a.5.5 0 1 0-.708.708L10.293 7.5H4.5z"
              fill-rule="evenodd"
            />
          </svg>
          ETHIOPIA
        </div>
      </button>
    </a>
    <a
      href="/country/china"
    >
      <button
        type="button"
      >
        <div>
          <p>
            Area: 
          </p>
          <p>
            Capital: 
          </p>
          <p>
            Population: 
          </p>
          <img
            alt="Official Flag"
          />
        </div>
        <div>
          <svg
            fill="currentColor"
            height="1em"
            stroke="currentColor"
            stroke-width="0"
            viewBox="0 0 16 16"
            width="1em"
            xmlns="http://www.w3.org/2000/svg"
          >
            <path
              d="M1 8a7 7 0 1 0 14 0A7 7 0 0 0 1 8zm15 0A8 8 0 1 1 0 8a8 8 0 0 1 16 0zM4.5 7.5a.5.5 0 0 0 0 1h5.793l-2.147 2.146a.5.5 0 0 0 .708.708l3-3a.5.5 0 0 0 0-.708l-3-3a.5.5 0 1 0-.708.708L10.293 7.5H4.5z"
              fill-rule="evenodd"
            />
          </svg>
          CHINA
        </div>
      </button>
    </a>
    <a
      href="/country/india"
    >
      <button
        type="button"
      >
        <div>
          <p>
            Area: 
          </p>
          <p>
            Capital: 
          </p>
          <p>
            Population: 
          </p>
          <img
            alt="Official Flag"
          />
        </div>
        <div>
          <svg
            fill="currentColor"
            height="1em"
            stroke="currentColor"
            stroke-width="0"
            viewBox="0 0 16 16"
            width="1em"
            xmlns="http://www.w3.org/2000/svg"
          >
            <path
              d="M1 8a7 7 0 1 0 14 0A7 7 0 0 0 1 8zm15 0A8 8 0 1 1 0 8a8 8 0 0 1 16 0zM4.5 7.5a.5.5 0 0 0 0 1h5.793l-2.147 2.146a.5.5 0 0 0 .708.708l3-3a.5.5 0 0 0 0-.708l-3-3a.5.5 0 1 0-.708.708L10.293 7.5H4.5z"
              fill-rule="evenodd"
            />
          </svg>
          INDIA
        </div>
      </button>
    </a>
    <a
      href="/country/argentina"
    >
      <button
        type="button"
      >
        <div>
          <p>
            Area: 
          </p>
          <p>
            Capital: 
          </p>
          <p>
            Population: 
          </p>
          <img
            alt="Official Flag"
          />
        </div>
        <div>
          <svg
            fill="currentColor"
            height="1em"
            stroke="currentColor"
            stroke-width="0"
            viewBox="0 0 16 16"
            width="1em"
            xmlns="http://www.w3.org/2000/svg"
          >
            <path
              d="M1 8a7 7 0 1 0 14 0A7 7 0 0 0 1 8zm15 0A8 8 0 1 1 0 8a8 8 0 0 1 16 0zM4.5 7.5a.5.5 0 0 0 0 1h5.793l-2.147 2.146a.5.5 0 0 0 .708.708l3-3a.5.5 0 0 0 0-.708l-3-3a.5.5 0 1 0-.708.708L10.293 7.5H4.5z"
              fill-rule="evenodd"
            />
          </svg>
          ARGENTINA
        </div>
      </button>
    </a>
    <a
      href="/country/chile"
    >
      <button
        type="button"
      >
        <div>
          <p>
            Area: 
          </p>
          <p>
            Capital: 
          </p>
          <p>
            Population: 
          </p>
          <img
            alt="Official Flag"
          />
        </div>
        <div>
          <svg
            fill="currentColor"
            height="1em"
            stroke="currentColor"
            stroke-width="0"
            viewBox="0 0 16 16"
            width="1em"
            xmlns="http://www.w3.org/2000/svg"
          >
            <path
              d="M1 8a7 7 0 1 0 14 0A7 7 0 0 0 1 8zm15 0A8 8 0 1 1 0 8a8 8 0 0 1 16 0zM4.5 7.5a.5.5 0 0 0 0 1h5.793l-2.147 2.146a.5.5 0 0 0 .708.708l3-3a.5.5 0 0 0 0-.708l-3-3a.5.5 0 1 0-.708.708L10.293 7.5H4.5z"
              fill-rule="evenodd"
            />
          </svg>
          CHILE
        </div>
      </button>
    </a>
    <a
      href="/country/peru"
    >
      <button
        type="button"
      >
        <div>
          <p>
            Area: 
          </p>
          <p>
            Capital: 
          </p>
          <p>
            Population: 
          </p>
          <img
            alt="Official Flag"
          />
        </div>
        <div>
          <svg
            fill="currentColor"
            height="1em"
            stroke="currentColor"
            stroke-width="0"
            viewBox="0 0 16 16"
            width="1em"
            xmlns="http://www.w3.org/2000/svg"
          >
            <path
              d="M1 8a7 7 0 1 0 14 0A7 7 0 0 0 1 8zm15 0A8 8 0 1 1 0 8a8 8 0 0 1 16 0zM4.5 7.5a.5.5 0 0 0 0 1h5.793l-2.147 2.146a.5.5 0 0 0 .708.708l3-3a.5.5 0 0 0 0-.708l-3-3a.5.5 0 1 0-.708.708L10.293 7.5H4.5z"
              fill-rule="evenodd"
            />
          </svg>
          PERU
        </div>
      </button>
    </a>
    <a
      href="/country/mexico"
    >
      <button
        type="button"
      >
        <div>
          <p>
            Area: 
          </p>
          <p>
            Capital: 
          </p>
          <p>
            Population: 
          </p>
          <img
            alt="Official Flag"
          />
        </div>
        <div>
          <svg
            fill="currentColor"
            height="1em"
            stroke="currentColor"
            stroke-width="0"
            viewBox="0 0 16 16"
            width="1em"
            xmlns="http://www.w3.org/2000/svg"
          >
            <path
              d="M1 8a7 7 0 1 0 14 0A7 7 0 0 0 1 8zm15 0A8 8 0 1 1 0 8a8 8 0 0 1 16 0zM4.5 7.5a.5.5 0 0 0 0 1h5.793l-2.147 2.146a.5.5 0 0 0 .708.708l3-3a.5.5 0 0 0 0-.708l-3-3a.5.5 0 1 0-.708.708L10.293 7.5H4.5z"
              fill-rule="evenodd"
            />
          </svg>
          MEXICO
        </div>
      </button>
    </a>
    <a
      href="/country/haiti"
    >
      <button
        type="button"
      >
        <div>
          <p>
            Area: 
          </p>
          <p>
            Capital: 
          </p>
          <p>
            Population: 
          </p>
          <img
            alt="Official Flag"
          />
        </div>
        <div>
          <svg
            fill="currentColor"
            height="1em"
            stroke="currentColor"
            stroke-width="0"
            viewBox="0 0 16 16"
            width="1em"
            xmlns="http://www.w3.org/2000/svg"
          >
            <path
              d="M1 8a7 7 0 1 0 14 0A7 7 0 0 0 1 8zm15 0A8 8 0 1 1 0 8a8 8 0 0 1 16 0zM4.5 7.5a.5.5 0 0 0 0 1h5.793l-2.147 2.146a.5.5 0 0 0 .708.708l3-3a.5.5 0 0 0 0-.708l-3-3a.5.5 0 1 0-.708.708L10.293 7.5H4.5z"
              fill-rule="evenodd"
            />
          </svg>
          HAITI
        </div>
      </button>
    </a>
    <a
      href="/country/south korea"
    >
      <button
        type="button"
      >
        <div>
          <p>
            Area: 
          </p>
          <p>
            Capital: 
          </p>
          <p>
            Population: 
          </p>
          <img
            alt="Official Flag"
          />
        </div>
        <div>
          <svg
            fill="currentColor"
            height="1em"
            stroke="currentColor"
            stroke-width="0"
            viewBox="0 0 16 16"
            width="1em"
            xmlns="http://www.w3.org/2000/svg"
          >
            <path
              d="M1 8a7 7 0 1 0 14 0A7 7 0 0 0 1 8zm15 0A8 8 0 1 1 0 8a8 8 0 0 1 16 0zM4.5 7.5a.5.5 0 0 0 0 1h5.793l-2.147 2.146a.5.5 0 0 0 .708.708l3-3a.5.5 0 0 0 0-.708l-3-3a.5.5 0 1 0-.708.708L10.293 7.5H4.5z"
              fill-rule="evenodd"
            />
          </svg>
          SOUTH KOREA
        </div>
      </button>
    </a>
    <a
      href="/country/brazil"
    >
      <button
        type="button"
      >
        <div>
          <p>
            Area: 
          </p>
          <p>
            Capital: 
          </p>
          <p>
            Population: 
          </p>
          <img
            alt="Official Flag"
          />
        </div>
        <div>
          <svg
            fill="currentColor"
            height="1em"
            stroke="currentColor"
            stroke-width="0"
            viewBox="0 0 16 16"
            width="1em"
            xmlns="http://www.w3.org/2000/svg"
          >
            <path
              d="M1 8a7 7 0 1 0 14 0A7 7 0 0 0 1 8zm15 0A8 8 0 1 1 0 8a8 8 0 0 1 16 0zM4.5 7.5a.5.5 0 0 0 0 1h5.793l-2.147 2.146a.5.5 0 0 0 .708.708l3-3a.5.5 0 0 0 0-.708l-3-3a.5.5 0 1 0-.708.708L10.293 7.5H4.5z"
              fill-rule="evenodd"
            />
          </svg>
          BRAZIL
        </div>
      </button>
    </a>
    <a
      href="/country/costa rica"
    >
      <button
        type="button"
      >
        <div>
          <p>
            Area: 
          </p>
          <p>
            Capital: 
          </p>
          <p>
            Population: 
          </p>
          <img
            alt="Official Flag"
          />
        </div>
        <div>
          <svg
            fill="currentColor"
            height="1em"
            stroke="currentColor"
            stroke-width="0"
            viewBox="0 0 16 16"
            width="1em"
            xmlns="http://www.w3.org/2000/svg"
          >
            <path
              d="M1 8a7 7 0 1 0 14 0A7 7 0 0 0 1 8zm15 0A8 8 0 1 1 0 8a8 8 0 0 1 16 0zM4.5 7.5a.5.5 0 0 0 0 1h5.793l-2.147 2.146a.5.5 0 0 0 .708.708l3-3a.5.5 0 0 0 0-.708l-3-3a.5.5 0 1 0-.708.708L10.293 7.5H4.5z"
              fill-rule="evenodd"
            />
          </svg>
          COSTA RICA
        </div>
      </button>
    </a>
    <a
      href="/country/panama"
    >
      <button
        type="button"
      >
        <div>
          <p>
            Area: 
          </p>
          <p>
            Capital: 
          </p>
          <p>
            Population: 
          </p>
          <img
            alt="Official Flag"
          />
        </div>
        <div>
          <svg
            fill="currentColor"
            height="1em"
            stroke="currentColor"
            stroke-width="0"
            viewBox="0 0 16 16"
            width="1em"
            xmlns="http://www.w3.org/2000/svg"
          >
            <path
              d="M1 8a7 7 0 1 0 14 0A7 7 0 0 0 1 8zm15 0A8 8 0 1 1 0 8a8 8 0 0 1 16 0zM4.5 7.5a.5.5 0 0 0 0 1h5.793l-2.147 2.146a.5.5 0 0 0 .708.708l3-3a.5.5 0 0 0 0-.708l-3-3a.5.5 0 1 0-.708.708L10.293 7.5H4.5z"
              fill-rule="evenodd"
            />
          </svg>
          PANAMA
        </div>
      </button>
    </a>
    <a
      href="/country/colombia"
    >
      <button
        type="button"
      >
        <div>
          <p>
            Area: 
          </p>
          <p>
            Capital: 
          </p>
          <p>
            Population: 
          </p>
          <img
            alt="Official Flag"
          />
        </div>
        <div>
          <svg
            fill="currentColor"
            height="1em"
            stroke="currentColor"
            stroke-width="0"
            viewBox="0 0 16 16"
            width="1em"
            xmlns="http://www.w3.org/2000/svg"
          >
            <path
              d="M1 8a7 7 0 1 0 14 0A7 7 0 0 0 1 8zm15 0A8 8 0 1 1 0 8a8 8 0 0 1 16 0zM4.5 7.5a.5.5 0 0 0 0 1h5.793l-2.147 2.146a.5.5 0 0 0 .708.708l3-3a.5.5 0 0 0 0-.708l-3-3a.5.5 0 1 0-.708.708L10.293 7.5H4.5z"
              fill-rule="evenodd"
            />
          </svg>
          COLOMBIA
        </div>
      </button>
    </a>
    <a
      href="/country/venezuela"
    >
      <button
        type="button"
      >
        <div>
          <p>
            Area: 
          </p>
          <p>
            Capital: 
          </p>
          <p>
            Population: 
          </p>
          <img
            alt="Official Flag"
          />
        </div>
        <div>
          <svg
            fill="currentColor"
            height="1em"
            stroke="currentColor"
            stroke-width="0"
            viewBox="0 0 16 16"
            width="1em"
            xmlns="http://www.w3.org/2000/svg"
          >
            <path
              d="M1 8a7 7 0 1 0 14 0A7 7 0 0 0 1 8zm15 0A8 8 0 1 1 0 8a8 8 0 0 1 16 0zM4.5 7.5a.5.5 0 0 0 0 1h5.793l-2.147 2.146a.5.5 0 0 0 .708.708l3-3a.5.5 0 0 0 0-.708l-3-3a.5.5 0 1 0-.708.708L10.293 7.5H4.5z"
              fill-rule="evenodd"
            />
          </svg>
          VENEZUELA
        </div>
      </button>
    </a>
    <a
      href="/country/ecuador"
    >
      <button
        type="button"
      >
        <div>
          <p>
            Area: 
          </p>
          <p>
            Capital: 
          </p>
          <p>
            Population: 
          </p>
          <img
            alt="Official Flag"
          />
        </div>
        <div>
          <svg
            fill="currentColor"
            height="1em"
            stroke="currentColor"
            stroke-width="0"
            viewBox="0 0 16 16"
            width="1em"
            xmlns="http://www.w3.org/2000/svg"
          >
            <path
              d="M1 8a7 7 0 1 0 14 0A7 7 0 0 0 1 8zm15 0A8 8 0 1 1 0 8a8 8 0 0 1 16 0zM4.5 7.5a.5.5 0 0 0 0 1h5.793l-2.147 2.146a.5.5 0 0 0 .708.708l3-3a.5.5 0 0 0 0-.708l-3-3a.5.5 0 1 0-.708.708L10.293 7.5H4.5z"
              fill-rule="evenodd"
            />
          </svg>
          ECUADOR
        </div>
      </button>
    </a>
    <a
      href="/country/paraguay"
    >
      <button
        type="button"
      >
        <div>
          <p>
            Area: 
          </p>
          <p>
            Capital: 
          </p>
          <p>
            Population: 
          </p>
          <img
            alt="Official Flag"
          />
        </div>
        <div>
          <svg
            fill="currentColor"
            height="1em"
            stroke="currentColor"
            stroke-width="0"
            viewBox="0 0 16 16"
            width="1em"
            xmlns="http://www.w3.org/2000/svg"
          >
            <path
              d="M1 8a7 7 0 1 0 14 0A7 7 0 0 0 1 8zm15 0A8 8 0 1 1 0 8a8 8 0 0 1 16 0zM4.5 7.5a.5.5 0 0 0 0 1h5.793l-2.147 2.146a.5.5 0 0 0 .708.708l3-3a.5.5 0 0 0 0-.708l-3-3a.5.5 0 1 0-.708.708L10.293 7.5H4.5z"
              fill-rule="evenodd"
            />
          </svg>
          PARAGUAY
        </div>
      </button>
    </a>
    <a
      href="/country/uruguay"
    >
      <button
        type="button"
      >
        <div>
          <p>
            Area: 
          </p>
          <p>
            Capital: 
          </p>
          <p>
            Population: 
          </p>
          <img
            alt="Official Flag"
          />
        </div>
        <div>
          <svg
            fill="currentColor"
            height="1em"
            stroke="currentColor"
            stroke-width="0"
            viewBox="0 0 16 16"
            width="1em"
            xmlns="http://www.w3.org/2000/svg"
          >
            <path
              d="M1 8a7 7 0 1 0 14 0A7 7 0 0 0 1 8zm15 0A8 8 0 1 1 0 8a8 8 0 0 1 16 0zM4.5 7.5a.5.5 0 0 0 0 1h5.793l-2.147 2.146a.5.5 0 0 0 .708.708l3-3a.5.5 0 0 0 0-.708l-3-3a.5.5 0 1 0-.708.708L10.293 7.5H4.5z"
              fill-rule="evenodd"
            />
          </svg>
          URUGUAY
        </div>
      </button>
    </a>
  </div>
</div>
`;
